{"level":"error","message":"Firebase initialization failed: Failed to parse private key: Error: Too few bytes to read ASN.1 value.","service":"krushikadhara-api","timestamp":"2026-06-02 15:51:42"}
{"level":"error","message":"Firebase initialization failed: Failed to parse private key: Error: Too few bytes to read ASN.1 value.","service":"krushikadhara-api","timestamp":"2026-06-02 18:41:04"}
{"level":"error","message":"[CRON] Weather fetch failed for Bangalore: Request failed with status code 401","service":"krushikadhara-api","timestamp":"2026-06-02 21:00:00"}
{"level":"error","message":"[CRON] Weather fetch failed for Mysore: Request failed with status code 401","service":"krushikadhara-api","timestamp":"2026-06-02 21:00:00"}
{"level":"error","message":"[CRON] Weather fetch failed for Hubli: Request failed with status code 401","service":"krushikadhara-api","timestamp":"2026-06-02 21:00:00"}
{"level":"error","message":"[CRON] Weather fetch failed for Belgaum: Request failed with status code 401","service":"krushikadhara-api","timestamp":"2026-06-02 21:00:01"}
{"level":"error","message":"[CRON] Weather fetch failed for Mangalore: Request failed with status code 401","service":"krushikadhara-api","timestamp":"2026-06-02 21:00:01"}
{"level":"error","message":"[CRON] Weather fetch failed for Davangere: Request failed with status code 401","service":"krushikadhara-api","timestamp":"2026-06-02 21:00:01"}
{"level":"error","message":"[CRON] Weather fetch failed for Bellary: Request failed with status code 401","service":"krushikadhara-api","timestamp":"2026-06-02 21:00:01"}
{"level":"error","message":"[CRON] Weather fetch failed for Shimoga: Request failed with status code 401","service":"krushikadhara-api","timestamp":"2026-06-02 21:00:01"}
{"level":"error","message":"[CRON] Weather fetch failed for Mandya: Request failed with status code 401","service":"krushikadhara-api","timestamp":"2026-06-02 21:00:01"}
{"level":"error","message":"[CRON] Weather fetch failed for Hassan: Request failed with status code 401","service":"krushikadhara-api","timestamp":"2026-06-02 21:00:01"}
{"level":"error","message":"[CRON] Weather fetch failed for Tumkur: Request failed with status code 401","service":"krushikadhara-api","timestamp":"2026-06-02 21:00:01"}
{"level":"error","message":"[CRON] Weather fetch failed for Raichur: Request failed with status code 401","service":"krushikadhara-api","timestamp":"2026-06-02 21:00:01"}
{"level":"error","message":"Firebase initialization failed: Failed to parse private key: Error: Too few bytes to read ASN.1 value.","service":"krushikadhara-api","timestamp":"2026-06-02 21:20:19"}
{"level":"error","message":"Firebase initialization failed: Failed to parse private key: Error: Too few bytes to read ASN.1 value.","service":"krushikadhara-api","timestamp":"2026-06-02 21:20:21"}
{"level":"error","message":"Firebase initialization failed: Failed to parse private key: Error: Too few bytes to read ASN.1 value.","service":"krushikadhara-api","timestamp":"2026-06-02 21:20:38"}
{"level":"error","message":"Market API fetch failed: Request failed with status code 403","service":"krushikadhara-api","timestamp":"2026-06-02 21:30:01"}
{"level":"error","message":"Firebase initialization failed: Failed to parse private key: Error: Too few bytes to read ASN.1 value.","service":"krushikadhara-api","timestamp":"2026-06-02 21:57:54"}
{"level":"error","message":"Firebase initialization failed: Failed to parse private key: Error: Too few bytes to read ASN.1 value.","service":"krushikadhara-api","timestamp":"2026-06-02 21:58:07"}
{"level":"error","message":"Firebase initialization failed: Failed to parse private key: Error: Too few bytes to read ASN.1 value.","service":"krushikadhara-api","timestamp":"2026-06-02 21:58:23"}
{"level":"error","message":"Firebase initialization failed: Failed to parse private key: Error: Too few bytes to read ASN.1 value.","service":"krushikadhara-api","timestamp":"2026-06-02 22:00:34"}
{"level":"error","message":"Firebase initialization failed: Failed to parse private key: Error: Too few bytes to read ASN.1 value.","service":"krushikadhara-api","timestamp":"2026-06-02 23:47:49"}
{"level":"error","message":"Firebase initialization failed: Failed to parse private key: Error: Too few bytes to read ASN.1 value.","service":"krushikadhara-api","timestamp":"2026-06-02 23:48:14"}
{"level":"error","message":"Firebase initialization failed: Failed to parse private key: Error: Too few bytes to read ASN.1 value.","service":"krushikadhara-api","timestamp":"2026-06-02 23:50:14"}
{"level":"error","message":"Firebase initialization failed: Failed to parse private key: Error: Too few bytes to read ASN.1 value.","service":"krushikadhara-api","timestamp":"2026-06-02 23:51:10"}
{"level":"error","message":"Firebase initialization failed: Failed to parse private key: Error: Too few bytes to read ASN.1 value.","service":"krushikadhara-api","timestamp":"2026-06-02 23:53:22"}
{"level":"error","message":"[CRON] Weather fetch failed for Bangalore: Request failed with status code 401","service":"krushikadhara-api","timestamp":"2026-06-03 00:00:01"}
{"level":"error","message":"[CRON] Weather fetch failed for Mysore: Request failed with status code 401","service":"krushikadhara-api","timestamp":"2026-06-03 00:00:01"}
{"level":"error","message":"[CRON] Weather fetch failed for Hubli: Request failed with status code 401","service":"krushikadhara-api","timestamp":"2026-06-03 00:00:01"}
{"level":"error","message":"[CRON] Weather fetch failed for Belgaum: Request failed with status code 401","service":"krushikadhara-api","timestamp":"2026-06-03 00:00:01"}
{"level":"error","message":"[CRON] Weather fetch failed for Mangalore: Request failed with status code 401","service":"krushikadhara-api","timestamp":"2026-06-03 00:00:01"}
{"level":"error","message":"[CRON] Weather fetch failed for Davangere: Request failed with status code 401","service":"krushikadhara-api","timestamp":"2026-06-03 00:00:01"}
{"level":"error","message":"[CRON] Weather fetch failed for Bellary: Request failed with status code 401","service":"krushikadhara-api","timestamp":"2026-06-03 00:00:01"}
{"level":"error","message":"[CRON] Weather fetch failed for Shimoga: Request failed with status code 401","service":"krushikadhara-api","timestamp":"2026-06-03 00:00:01"}
{"level":"error","message":"[CRON] Weather fetch failed for Mandya: Request failed with status code 401","service":"krushikadhara-api","timestamp":"2026-06-03 00:00:01"}
{"level":"error","message":"[CRON] Weather fetch failed for Hassan: Request failed with status code 401","service":"krushikadhara-api","timestamp":"2026-06-03 00:00:01"}
{"level":"error","message":"[CRON] Weather fetch failed for Tumkur: Request failed with status code 401","service":"krushikadhara-api","timestamp":"2026-06-03 00:00:01"}
{"level":"error","message":"[CRON] Weather fetch failed for Raichur: Request failed with status code 401","service":"krushikadhara-api","timestamp":"2026-06-03 00:00:01"}
{"level":"error","message":"Firebase initialization failed: Failed to parse private key: Error: Too few bytes to read ASN.1 value.","service":"krushikadhara-api","timestamp":"2026-06-03 00:22:20"}
{"level":"error","message":"Firebase initialization failed: Failed to parse private key: Error: Too few bytes to read ASN.1 value.","service":"krushikadhara-api","timestamp":"2026-06-03 00:23:08"}
{"level":"error","message":"Market API fetch failed: Request failed with status code 403","service":"krushikadhara-api","timestamp":"2026-06-03 00:30:01"}
{"level":"error","message":"Firebase initialization failed: Failed to parse private key: Error: Too few bytes to read ASN.1 value.","service":"krushikadhara-api","timestamp":"2026-06-03 01:04:10"}
{"level":"error","message":"Firebase initialization failed: Failed to parse private key: Error: Too few bytes to read ASN.1 value.","service":"krushikadhara-api","timestamp":"2026-06-03 01:04:19"}
{"level":"error","message":"Firebase initialization failed: Failed to parse private key: Error: Too few bytes to read ASN.1 value.","service":"krushikadhara-api","timestamp":"2026-06-03 09:05:55"}
{"level":"error","message":"Market API fetch failed: Request failed with status code 403","service":"krushikadhara-api","timestamp":"2026-06-03 09:30:03"}
{"level":"error","message":"Firebase initialization failed: Failed to parse private key: Error: Too few bytes to read ASN.1 value.","service":"krushikadhara-api","timestamp":"2026-06-03 13:35:12"}
{"level":"error","message":"[CRON] Weather fetch failed for Bangalore: Request failed with status code 401","service":"krushikadhara-api","timestamp":"2026-06-03 15:00:01"}
{"level":"error","message":"[CRON] Weather fetch failed for Mysore: Request failed with status code 401","service":"krushikadhara-api","timestamp":"2026-06-03 15:00:01"}
{"level":"error","message":"[CRON] Weather fetch failed for Hubli: Request failed with status code 401","service":"krushikadhara-api","timestamp":"2026-06-03 15:00:01"}
{"level":"error","message":"[CRON] Weather fetch failed for Belgaum: Request failed with status code 401","service":"krushikadhara-api","timestamp":"2026-06-03 15:00:01"}
{"level":"error","message":"[CRON] Weather fetch failed for Mangalore: Request failed with status code 401","service":"krushikadhara-api","timestamp":"2026-06-03 15:00:01"}
{"level":"error","message":"[CRON] Weather fetch failed for Davangere: Request failed with status code 401","service":"krushikadhara-api","timestamp":"2026-06-03 15:00:01"}
{"level":"error","message":"[CRON] Weather fetch failed for Bellary: Request failed with status code 401","service":"krushikadhara-api","timestamp":"2026-06-03 15:00:01"}
{"level":"error","message":"[CRON] Weather fetch failed for Shimoga: Request failed with status code 401","service":"krushikadhara-api","timestamp":"2026-06-03 15:00:01"}
{"level":"error","message":"[CRON] Weather fetch failed for Mandya: Request failed with status code 401","service":"krushikadhara-api","timestamp":"2026-06-03 15:00:01"}
{"level":"error","message":"[CRON] Weather fetch failed for Hassan: Request failed with status code 401","service":"krushikadhara-api","timestamp":"2026-06-03 15:00:01"}
{"level":"error","message":"[CRON] Weather fetch failed for Tumkur: Request failed with status code 401","service":"krushikadhara-api","timestamp":"2026-06-03 15:00:01"}
{"level":"error","message":"[CRON] Weather fetch failed for Raichur: Request failed with status code 401","service":"krushikadhara-api","timestamp":"2026-06-03 15:00:01"}
{"level":"error","message":"Firebase initialization failed: Failed to parse private key: Error: Too few bytes to read ASN.1 value.","service":"krushikadhara-api","timestamp":"2026-06-03 15:05:38"}
